
 RUN  v4.1.11 /private/tmp/iuk-suite-audit-log

 ❯ src/app/m/aufgaben/a/[id]/nachweis/hochladen/route.test.ts (19 tests | 3 failed) 509ms
     × anonymous keeps 404 with the correct audit meaning 29ms
     × unlisted keeps 404 with the correct audit meaning 22ms
     × stale keeps 404 with the correct audit meaning 23ms
 ❯ src/app/m/aufgaben/a/[id]/nachweis/[nachweisId]/route.test.ts (18 tests | 3 failed) 611ms
     × anonymous keeps 404 with the correct audit meaning 27ms
     × unlisted keeps 404 with the correct audit meaning 15ms
     × idor keeps 404 with the correct audit meaning 19ms
 ❯ src/app/m/radio/admin/(arbeit)/import/hochladen/route.test.ts (9 tests | 1 failed) 290ms
   × persists parser role denials but neither a foreign host nor successful parsing 59ms

⎯⎯⎯⎯⎯⎯⎯ Failed Tests 7 ⎯⎯⎯⎯⎯⎯⎯

 FAIL  src/app/m/aufgaben/a/[id]/nachweis/[nachweisId]/route.test.ts > persisted proof download denials preserve ordinary absence silence > anonymous keeps 404 with the correct audit meaning
 FAIL  src/app/m/aufgaben/a/[id]/nachweis/[nachweisId]/route.test.ts > persisted proof download denials preserve ordinary absence silence > unlisted keeps 404 with the correct audit meaning
 FAIL  src/app/m/aufgaben/a/[id]/nachweis/[nachweisId]/route.test.ts > persisted proof download denials preserve ordinary absence silence > idor keeps 404 with the correct audit meaning
AssertionError: expected [] to have a length of 1 but got +0

- Expected
+ Received

- 1
+ 0

 ❯ src/app/m/aufgaben/a/[id]/nachweis/[nachweisId]/route.test.ts:314:22
    312|     if (kind.startsWith("missing")) expect(events).toHaveLength(0);
    313|     else {
    314|       expect(events).toHaveLength(1);
       |                      ^
    315|       expect(events[0].actor).toEqual(kind === "anonymous" ? { kind: "…
    316|     }

⎯⎯⎯⎯⎯⎯⎯⎯⎯⎯⎯⎯⎯⎯⎯⎯⎯⎯⎯⎯⎯⎯⎯⎯[1/7]⎯

 FAIL  src/app/m/aufgaben/a/[id]/nachweis/hochladen/route.test.ts > persisted upload denials distinguish identity, permission and workflow state > anonymous keeps 404 with the correct audit meaning
 FAIL  src/app/m/aufgaben/a/[id]/nachweis/hochladen/route.test.ts > persisted upload denials distinguish identity, permission and workflow state > unlisted keeps 404 with the correct audit meaning
AssertionError: expected [] to have a length of 1 but got +0

- Expected
+ Received

- 1
+ 0

 ❯ src/app/m/aufgaben/a/[id]/nachweis/hochladen/route.test.ts:397:22
    395|     if (kind === "stale" || kind === "missing") expect(events).toHaveL…
    396|     else {
    397|       expect(events).toHaveLength(1);
       |                      ^
    398|       expect(events[0].actor).toEqual(kind === "anonymous" ? { kind: "…
    399|     }

⎯⎯⎯⎯⎯⎯⎯⎯⎯⎯⎯⎯⎯⎯⎯⎯⎯⎯⎯⎯⎯⎯⎯⎯[2/7]⎯

 FAIL  src/app/m/aufgaben/a/[id]/nachweis/hochladen/route.test.ts > persisted upload denials distinguish identity, permission and workflow state > stale keeps 404 with the correct audit meaning
AssertionError: expected [ { …(8) } ] to have a length of +0 but got 1

- Expected
+ Received

- 0
+ 1

 ❯ src/app/m/aufgaben/a/[id]/nachweis/hochladen/route.test.ts:395:64
    393|     expect((await ruf(kind === "missing" ? "missing" : task.id, form()…
    394|     const events = queryAuditEvents().events.filter(e => e.action === …
    395|     if (kind === "stale" || kind === "missing") expect(events).toHaveL…
       |                                                                ^
    396|     else {
    397|       expect(events).toHaveLength(1);

⎯⎯⎯⎯⎯⎯⎯⎯⎯⎯⎯⎯⎯⎯⎯⎯⎯⎯⎯⎯⎯⎯⎯⎯[3/7]⎯

 FAIL  src/app/m/radio/admin/(arbeit)/import/hochladen/route.test.ts > persists parser role denials but neither a foreign host nor successful parsing
AssertionError: expected [] to have a length of 2 but got +0

- Expected
+ Received

- 2
+ 0

 ❯ src/app/m/radio/admin/(arbeit)/import/hochladen/route.test.ts:292:18
    290|   expect((await POST(anfrage(form(CSV)))).status).toBe(200);
    291|   const events = queryAuditEvents().events;
    292|   expect(events).toHaveLength(2);
       |                  ^
    293|   expect(events.every(e => e.action === "access_denied" && e.result ==…
    294|   expect(events.map(e => e.actor.kind).sort()).toEqual(["anonymous", "…

⎯⎯⎯⎯⎯⎯⎯⎯⎯⎯⎯⎯⎯⎯⎯⎯⎯⎯⎯⎯⎯⎯⎯⎯[4/7]⎯


 Test Files  3 failed (3)
      Tests  7 failed | 39 passed (46)
   Start at  11:36:35
   Duration  3.46s (transform 1.17s, setup 62ms, import 3.49s, tests 1.41s, environment 0ms)
